Archive member included to satisfy reference by file (symbol)

c:/st/stm32cubeide_1.9.0/stm32cubeide/plugins/com.st.stm32cube.ide.mcu.externaltools.gnu-tools-for-stm32.10.3-2021.10.win32_1.0.0.202111181127/tools/bin/../lib/gcc/arm-none-eabi/10.3.1/../../../../arm-none-eabi/lib/thumb/v6-m/nofp\libc_nano.a(lib_a-errno.o)
                              ./Core/Src/syscalls.o (__errno)
c:/st/stm32cubeide_1.9.0/stm32cubeide/plugins/com.st.stm32cube.ide.mcu.externaltools.gnu-tools-for-stm32.10.3-2021.10.win32_1.0.0.202111181127/tools/bin/../lib/gcc/arm-none-eabi/10.3.1/../../../../arm-none-eabi/lib/thumb/v6-m/nofp\libc_nano.a(lib_a-exit.o)
                              c:/st/stm32cubeide_1.9.0/stm32cubeide/plugins/com.st.stm32cube.ide.mcu.externaltools.gnu-tools-for-stm32.10.3-2021.10.win32_1.0.0.202111181127/tools/bin/../lib/gcc/arm-none-eabi/10.3.1/../../../../arm-none-eabi/lib/thumb/v6-m/nofp/crt0.o (exit)
c:/st/stm32cubeide_1.9.0/stm32cubeide/plugins/com.st.stm32cube.ide.mcu.externaltools.gnu-tools-for-stm32.10.3-2021.10.win32_1.0.0.202111181127/tools/bin/../lib/gcc/arm-none-eabi/10.3.1/../../../../arm-none-eabi/lib/thumb/v6-m/nofp\libc_nano.a(lib_a-impure.o)
                              c:/st/stm32cubeide_1.9.0/stm32cubeide/plugins/com.st.stm32cube.ide.mcu.externaltools.gnu-tools-for-stm32.10.3-2021.10.win32_1.0.0.202111181127/tools/bin/../lib/gcc/arm-none-eabi/10.3.1/../../../../arm-none-eabi/lib/thumb/v6-m/nofp\libc_nano.a(lib_a-exit.o) (_global_impure_ptr)
c:/st/stm32cubeide_1.9.0/stm32cubeide/plugins/com.st.stm32cube.ide.mcu.externaltools.gnu-tools-for-stm32.10.3-2021.10.win32_1.0.0.202111181127/tools/bin/../lib/gcc/arm-none-eabi/10.3.1/../../../../arm-none-eabi/lib/thumb/v6-m/nofp\libc_nano.a(lib_a-init.o)
                              c:/st/stm32cubeide_1.9.0/stm32cubeide/plugins/com.st.stm32cube.ide.mcu.externaltools.gnu-tools-for-stm32.10.3-2021.10.win32_1.0.0.202111181127/tools/bin/../lib/gcc/arm-none-eabi/10.3.1/../../../../arm-none-eabi/lib/thumb/v6-m/nofp/crt0.o (__libc_init_array)
c:/st/stm32cubeide_1.9.0/stm32cubeide/plugins/com.st.stm32cube.ide.mcu.externaltools.gnu-tools-for-stm32.10.3-2021.10.win32_1.0.0.202111181127/tools/bin/../lib/gcc/arm-none-eabi/10.3.1/../../../../arm-none-eabi/lib/thumb/v6-m/nofp\libc_nano.a(lib_a-memset.o)
                              c:/st/stm32cubeide_1.9.0/stm32cubeide/plugins/com.st.stm32cube.ide.mcu.externaltools.gnu-tools-for-stm32.10.3-2021.10.win32_1.0.0.202111181127/tools/bin/../lib/gcc/arm-none-eabi/10.3.1/../../../../arm-none-eabi/lib/thumb/v6-m/nofp/crt0.o (memset)
c:/st/stm32cubeide_1.9.0/stm32cubeide/plugins/com.st.stm32cube.ide.mcu.externaltools.gnu-tools-for-stm32.10.3-2021.10.win32_1.0.0.202111181127/tools/bin/../lib/gcc/arm-none-eabi/10.3.1/../../../../arm-none-eabi/lib/thumb/v6-m/nofp\libc_nano.a(lib_a-strlen.o)
                              ./Core/Src/main.o (strlen)
c:/st/stm32cubeide_1.9.0/stm32cubeide/plugins/com.st.stm32cube.ide.mcu.externaltools.gnu-tools-for-stm32.10.3-2021.10.win32_1.0.0.202111181127/tools/bin/../lib/gcc/arm-none-eabi/10.3.1/thumb/v6-m/nofp\libgcc.a(_udivsi3.o)
                              ./Core/Src/system_stm32f0xx.o (__aeabi_uidiv)
c:/st/stm32cubeide_1.9.0/stm32cubeide/plugins/com.st.stm32cube.ide.mcu.externaltools.gnu-tools-for-stm32.10.3-2021.10.win32_1.0.0.202111181127/tools/bin/../lib/gcc/arm-none-eabi/10.3.1/thumb/v6-m/nofp\libgcc.a(_divsi3.o)
                              ./Middlewares/Third_Party/FatFs/src/ff.o (__aeabi_idiv)
c:/st/stm32cubeide_1.9.0/stm32cubeide/plugins/com.st.stm32cube.ide.mcu.externaltools.gnu-tools-for-stm32.10.3-2021.10.win32_1.0.0.202111181127/tools/bin/../lib/gcc/arm-none-eabi/10.3.1/thumb/v6-m/nofp\libgcc.a(_dvmd_tls.o)
                              c:/st/stm32cubeide_1.9.0/stm32cubeide/plugins/com.st.stm32cube.ide.mcu.externaltools.gnu-tools-for-stm32.10.3-2021.10.win32_1.0.0.202111181127/tools/bin/../lib/gcc/arm-none-eabi/10.3.1/thumb/v6-m/nofp\libgcc.a(_udivsi3.o) (__aeabi_idiv0)

Discarded input sections

 .text          0x0000000000000000        0x0 c:/st/stm32cubeide_1.9.0/stm32cubeide/plugins/com.st.stm32cube.ide.mcu.externaltools.gnu-tools-for-stm32.10.3-2021.10.win32_1.0.0.202111181127/tools/bin/../lib/gcc/arm-none-eabi/10.3.1/thumb/v6-m/nofp/crti.o
 .data          0x0000000000000000        0x0 c:/st/stm32cubeide_1.9.0/stm32cubeide/plugins/com.st.stm32cube.ide.mcu.externaltools.gnu-tools-for-stm32.10.3-2021.10.win32_1.0.0.202111181127/tools/bin/../lib/gcc/arm-none-eabi/10.3.1/thumb/v6-m/nofp/crti.o
 .bss           0x0000000000000000        0x0 c:/st/stm32cubeide_1.9.0/stm32cubeide/plugins/com.st.stm32cube.ide.mcu.externaltools.gnu-tools-for-stm32.10.3-2021.10.win32_1.0.0.202111181127/tools/bin/../lib/gcc/arm-none-eabi/10.3.1/thumb/v6-m/nofp/crti.o
[...]
Memory Configuration

Name             Origin             Length             Attributes
RAM              0x0000000020000000 0x0000000000004000 xrw
FLASH            0x0000000008000000 0x0000000000020000 xr
*default*        0x0000000000000000 0xffffffffffffffff

Linker script and memory map

LOAD c:/st/stm32cubeide_1.9.0/stm32cubeide/plugins/com.st.stm32cube.ide.mcu.externaltools.gnu-tools-for-stm32.10.3-2021.10.win32_1.0.0.202111181127/tools/bin/../lib/gcc/arm-none-eabi/10.3.1/thumb/v6-m/nofp/crti.o
LOAD c:/st/stm32cubeide_1.9.0/stm32cubeide/plugins/com.st.stm32cube.ide.mcu.externaltools.gnu-tools-for-stm32.10.3-2021.10.win32_1.0.0.202111181127/tools/bin/../lib/gcc/arm-none-eabi/10.3.1/thumb/v6-m/nofp/crtbegin.o
LOAD c:/st/stm32cubeide_1.9.0/stm32cubeide/plugins/com.st.stm32cube.ide.mcu.externaltools.gnu-tools-for-stm32.10.3-2021.10.win32_1.0.0.202111181127/tools/bin/../lib/gcc/arm-none-eabi/10.3.1/../../../../arm-none-eabi/lib/thumb/v6-m/nofp/crt0.o
LOAD ./Core/Src/fatfs_sd.o
LOAD ./Core/Src/main.o
LOAD ./Core/Src/stm32f0xx_hal_msp.o
LOAD ./Core/Src/stm32f0xx_it.o
LOAD ./Core/Src/syscalls.o
LOAD ./Core/Src/sysmem.o
LOAD ./Core/Src/system_stm32f0xx.o
LOAD ./Core/Startup/startup_stm32f070rbtx.o
LOAD ./Drivers/STM32F0xx_HAL_Driver/Src/stm32f0xx_hal.o
LOAD ./Drivers/STM32F0xx_HAL_Driver/Src/stm32f0xx_hal_cortex.o
LOAD ./Drivers/STM32F0xx_HAL_Driver/Src/stm32f0xx_hal_dma.o
LOAD ./Drivers/STM32F0xx_HAL_Driver/Src/stm32f0xx_hal_exti.o
LOAD ./Drivers/STM32F0xx_HAL_Driver/Src/stm32f0xx_hal_flash.o
LOAD ./Drivers/STM32F0xx_HAL_Driver/Src/stm32f0xx_hal_flash_ex.o
LOAD ./Drivers/STM32F0xx_HAL_Driver/Src/stm32f0xx_hal_gpio.o
LOAD ./Drivers/STM32F0xx_HAL_Driver/Src/stm32f0xx_hal_i2c.o
LOAD ./Drivers/STM32F0xx_HAL_Driver/Src/stm32f0xx_hal_i2c_ex.o
LOAD ./Drivers/STM32F0xx_HAL_Driver/Src/stm32f0xx_hal_pwr.o
LOAD ./Drivers/STM32F0xx_HAL_Driver/Src/stm32f0xx_hal_pwr_ex.o
LOAD ./Drivers/STM32F0xx_HAL_Driver/Src/stm32f0xx_hal_rcc.o
LOAD ./Drivers/STM32F0xx_HAL_Driver/Src/stm32f0xx_hal_rcc_ex.o
LOAD ./Drivers/STM32F0xx_HAL_Driver/Src/stm32f0xx_hal_spi.o
LOAD ./Drivers/STM32F0xx_HAL_Driver/Src/stm32f0xx_hal_spi_ex.o
LOAD ./Drivers/STM32F0xx_HAL_Driver/Src/stm32f0xx_hal_tim.o
LOAD ./Drivers/STM32F0xx_HAL_Driver/Src/stm32f0xx_hal_tim_ex.o
LOAD ./Drivers/STM32F0xx_HAL_Driver/Src/stm32f0xx_hal_uart.o
LOAD ./Drivers/STM32F0xx_HAL_Driver/Src/stm32f0xx_hal_uart_ex.o
LOAD ./FATFS/App/fatfs.o
LOAD ./FATFS/Target/user_diskio.o
LOAD ./Middlewares/Third_Party/FatFs/src/diskio.o
LOAD ./Middlewares/Third_Party/FatFs/src/ff.o
LOAD ./Middlewares/Third_Party/FatFs/src/ff_gen_drv.o
LOAD ./Middlewares/Third_Party/FatFs/src/option/ccsbcs.o
LOAD ./Middlewares/Third_Party/FatFs/src/option/syscall.o
START GROUP
LOAD c:/st/stm32cubeide_1.9.0/stm32cubeide/plugins/com.st.stm32cube.ide.mcu.externaltools.gnu-tools-for-stm32.10.3-2021.10.win32_1.0.0.202111181127/tools/bin/../lib/gcc/arm-none-eabi/10.3.1/../../../../arm-none-eabi/lib/thumb/v6-m/nofp\libc_nano.a
LOAD c:/st/stm32cubeide_1.9.0/stm32cubeide/plugins/com.st.stm32cube.ide.mcu.externaltools.gnu-tools-for-stm32.10.3-2021.10.win32_1.0.0.202111181127/tools/bin/../lib/gcc/arm-none-eabi/10.3.1/../../../../arm-none-eabi/lib/thumb/v6-m/nofp\libm.a
END GROUP
START GROUP
LOAD c:/st/stm32cubeide_1.9.0/stm32cubeide/plugins/com.st.stm32cube.ide.mcu.externaltools.gnu-tools-for-stm32.10.3-2021.10.win32_1.0.0.202111181127/tools/bin/../lib/gcc/arm-none-eabi/10.3.1/thumb/v6-m/nofp\libgcc.a
LOAD c:/st/stm32cubeide_1.9.0/stm32cubeide/plugins/com.st.stm32cube.ide.mcu.externaltools.gnu-tools-for-stm32.10.3-2021.10.win32_1.0.0.202111181127/tools/bin/../lib/gcc/arm-none-eabi/10.3.1/../../../../arm-none-eabi/lib/thumb/v6-m/nofp\libc_nano.a
END GROUP
START GROUP
LOAD c:/st/stm32cubeide_1.9.0/stm32cubeide/plugins/com.st.stm32cube.ide.mcu.externaltools.gnu-tools-for-stm32.10.3-2021.10.win32_1.0.0.202111181127/tools/bin/../lib/gcc/arm-none-eabi/10.3.1/thumb/v6-m/nofp\libgcc.a
LOAD c:/st/stm32cubeide_1.9.0/stm32cubeide/plugins/com.st.stm32cube.ide.mcu.externaltools.gnu-tools-for-stm32.10.3-2021.10.win32_1.0.0.202111181127/tools/bin/../lib/gcc/arm-none-eabi/10.3.1/../../../../arm-none-eabi/lib/thumb/v6-m/nofp\libc_nano.a
LOAD c:/st/stm32cubeide_1.9.0/stm32cubeide/plugins/com.st.stm32cube.ide.mcu.externaltools.gnu-tools-for-stm32.10.3-2021.10.win32_1.0.0.202111181127/tools/bin/../lib/gcc/arm-none-eabi/10.3.1/../../../../arm-none-eabi/lib/thumb/v6-m/nofp\libnosys.a
END GROUP
START GROUP
LOAD c:/st/stm32cubeide_1.9.0/stm32cubeide/plugins/com.st.stm32cube.ide.mcu.externaltools.gnu-tools-for-stm32.10.3-2021.10.win32_1.0.0.202111181127/tools/bin/../lib/gcc/arm-none-eabi/10.3.1/thumb/v6-m/nofp\libgcc.a
LOAD c:/st/stm32cubeide_1.9.0/stm32cubeide/plugins/com.st.stm32cube.ide.mcu.externaltools.gnu-tools-for-stm32.10.3-2021.10.win32_1.0.0.202111181127/tools/bin/../lib/gcc/arm-none-eabi/10.3.1/../../../../arm-none-eabi/lib/thumb/v6-m/nofp\libc_nano.a
LOAD c:/st/stm32cubeide_1.9.0/stm32cubeide/plugins/com.st.stm32cube.ide.mcu.externaltools.gnu-tools-for-stm32.10.3-2021.10.win32_1.0.0.202111181127/tools/bin/../lib/gcc/arm-none-eabi/10.3.1/../../../../arm-none-eabi/lib/thumb/v6-m/nofp\libnosys.a
END GROUP
LOAD c:/st/stm32cubeide_1.9.0/stm32cubeide/plugins/com.st.stm32cube.ide.mcu.externaltools.gnu-tools-for-stm32.10.3-2021.10.win32_1.0.0.202111181127/tools/bin/../lib/gcc/arm-none-eabi/10.3.1/thumb/v6-m/nofp/crtend.o
LOAD c:/st/stm32cubeide_1.9.0/stm32cubeide/plugins/com.st.stm32cube.ide.mcu.externaltools.gnu-tools-for-stm32.10.3-2021.10.win32_1.0.0.202111181127/tools/bin/../lib/gcc/arm-none-eabi/10.3.1/thumb/v6-m/nofp/crtn.o
                0x0000000020004000                _estack = (ORIGIN (RAM) + LENGTH (RAM))
                0x0000000000000200                _Min_Heap_Size = 0x200
                0x0000000000000400                _Min_Stack_Size = 0x400

.isr_vector     0x0000000008000000       0xc0
                0x0000000008000000                . = ALIGN (0x4)
 *(.isr_vector)
 .isr_vector    0x0000000008000000       0xc0 ./Core/Startup/startup_stm32f070rbtx.o
                0x0000000008000000                g_pfnVectors
                0x00000000080000c0                . = ALIGN (0x4)

.text           0x00000000080000c0     0x73b0
                0x00000000080000c0                . = ALIGN (0x4)
 *(.text)
 .text          0x00000000080000c0       0x48 c:/st/stm32cubeide_1.9.0/stm32cubeide/plugins/com.st.stm32cube.ide.mcu.externaltools.gnu-tools-for-stm32.10.3-2021.10.win32_1.0.0.202111181127/tools/bin/../lib/gcc/arm-none-eabi/10.3.1/thumb/v6-m/nofp/crtbegin.o
 .text          0x0000000008000108        0xe c:/st/stm32cubeide_1.9.0/stm32cubeide/plugins/com.st.stm32cube.ide.mcu.externaltools.gnu-tools-for-stm32.10.3-2021.10.win32_1.0.0.202111181127/tools/bin/../lib/gcc/arm-none-eabi/10.3.1/../../../../arm-none-eabi/lib/thumb/v6-m/nofp\libc_nano.a(lib_a-strlen.o)
                0x0000000008000108                strlen
 *fill*         0x0000000008000116        0x2 
 .text          0x0000000008000118      0x114 c:/st/stm32cubeide_1.9.0/stm32cubeide/plugins/com.st.stm32cube.ide.mcu.externaltools.gnu-tools-for-stm32.10.3-2021.10.win32_1.0.0.202111181127/tools/bin/../lib/gcc/arm-none-eabi/10.3.1/thumb/v6-m/nofp\libgcc.a(_udivsi3.o)
                0x0000000008000118                __aeabi_uidiv
                0x0000000008000118                __udivsi3
                0x0000000008000224                __aeabi_uidivmod
 .text          0x000000000800022c        0x4 c:/st/stm32cubeide_1.9.0/stm32cubeide/plugins/com.st.stm32cube.ide.mcu.externaltools.gnu-tools-for-stm32.10.3-2021.10.win32_1.0.0.202111181127/tools/bin/../lib/gcc/arm-none-eabi/10.3.1/thumb/v6-m/nofp\libgcc.a(_dvmd_tls.o)
                0x000000000800022c                __aeabi_idiv0
                0x000000000800022c                __aeabi_ldiv0
 *(.text*)
 .text.SELECT   0x0000000008000230       0x20 ./Core/Src/fatfs_sd.o
 .text.DESELECT
                0x0000000008000250       0x20 ./Core/Src/fatfs_sd.o
 .text.SPI_TxByte
                0x0000000008000270       0x34 ./Core/Src/fatfs_sd.o
 .text.SPI_TxBuffer
                0x00000000080002a4       0x38 ./Core/Src/fatfs_sd.o
 .text.SPI_RxByte
                0x00000000080002dc       0x3c ./Core/Src/fatfs_sd.o
 .text.SPI_RxBytePtr
                0x0000000008000318       0x1c ./Core/Src/fatfs_sd.o
 .text.SD_ReadyWait
                0x0000000008000334       0x3c ./Core/Src/fatfs_sd.o
 .text.SD_PowerOn
                0x0000000008000370       0x90 ./Core/Src/fatfs_sd.o
 .text.SD_PowerOff
                0x0000000008000400       0x14 ./Core/Src/fatfs_sd.o
 .text.SD_CheckPower
                0x0000000008000414       0x14 ./Core/Src/fatfs_sd.o
 .text.SD_RxDataBlock
                0x0000000008000428       0x68 ./Core/Src/fatfs_sd.o
 .text.SD_TxDataBlock
                0x0000000008000490       0xa6 ./Core/Src/fatfs_sd.o
 .text.SD_SendCmd
                0x0000000008000536       0xd8 ./Core/Src/fatfs_sd.o
 *fill*         0x000000000800060e        0x2 
 .text.SD_disk_initialize
                0x0000000008000610      0x21c ./Core/Src/fatfs_sd.o
                0x0000000008000610                SD_disk_initialize
 .text.SD_disk_status
                0x000000000800082c       0x2c ./Core/Src/fatfs_sd.o
                0x000000000800082c                SD_disk_status
 .text.SD_disk_read
                0x0000000008000858       0xe0 ./Core/Src/fatfs_sd.o
                0x0000000008000858                SD_disk_read
 .text.SD_disk_write
                0x0000000008000938      0x110 ./Core/Src/fatfs_sd.o
                0x0000000008000938                SD_disk_write
 .text.SD_disk_ioctl
                0x0000000008000a48      0x26c ./Core/Src/fatfs_sd.o
                0x0000000008000a48                SD_disk_ioctl
 .text.bufsize  0x0000000008000cb4       0x2a ./Core/Src/main.o
                0x0000000008000cb4                bufsize
 *fill*         0x0000000008000cde        0x2 
 .text.clear_buffer
                0x0000000008000ce0       0x30 ./Core/Src/main.o
                0x0000000008000ce0                clear_buffer
 .text.send_uart
                0x0000000008000d10       0x38 ./Core/Src/main.o
                0x0000000008000d10                send_uart
 .text.main     0x0000000008000d48      0x158 ./Core/Src/main.o
                0x0000000008000d48                main
 .text.SystemClock_Config
                0x0000000008000ea0       0x96 ./Core/Src/main.o
                0x0000000008000ea0                SystemClock_Config
 *fill*         0x0000000008000f36        0x2 
 .text.MX_SPI1_Init
                0x0000000008000f38       0x7c ./Core/Src/main.o
 .text.MX_USART2_UART_Init
                0x0000000008000fb4       0x60 ./Core/Src/main.o
 .text.MX_GPIO_Init
                0x0000000008001014      0x120 ./Core/Src/main.o
 .text.Error_Handler
                0x0000000008001134        0xa ./Core/Src/main.o
                0x0000000008001134                Error_Handler
 *fill*         0x000000000800113e        0x2 
 .text.HAL_MspInit
                0x0000000008001140       0x48 ./Core/Src/stm32f0xx_hal_msp.o
                0x0000000008001140                HAL_MspInit
 .text.HAL_SPI_MspInit
                0x0000000008001188       0xe4 ./Core/Src/stm32f0xx_hal_msp.o
                0x0000000008001188                HAL_SPI_MspInit
 .text.HAL_UART_MspInit
                0x000000000800126c       0x98 ./Core/Src/stm32f0xx_hal_msp.o
                0x000000000800126c                HAL_UART_MspInit
 .text.SDTimer_Handler
                0x0000000008001304       0x44 ./Core/Src/stm32f0xx_it.o
                0x0000000008001304                SDTimer_Handler
 .text.NMI_Handler
                0x0000000008001348        0x6 ./Core/Src/stm32f0xx_it.o
                0x0000000008001348                NMI_Handler
 .text.HardFault_Handler
                0x000000000800134e        0x6 ./Core/Src/stm32f0xx_it.o
                0x000000000800134e                HardFault_Handler
 .text.SVC_Handler
                0x0000000008001354        0xa ./Core/Src/stm32f0xx_it.o
                0x0000000008001354                SVC_Handler
 .text.PendSV_Handler
                0x000000000800135e        0xa ./Core/Src/stm32f0xx_it.o
                0x000000000800135e                PendSV_Handler
 .text.SysTick_Handler
                0x0000000008001368       0x34 ./Core/Src/stm32f0xx_it.o
                0x0000000008001368                SysTick_Handler
 .text.SystemInit
                0x000000000800139c        0xa ./Core/Src/system_stm32f0xx.o
                0x000000000800139c                SystemInit
 *fill*         0x00000000080013a6        0x2 
 .text.Reset_Handler
                0x00000000080013a8       0x50 ./Core/Startup/startup_stm32f070rbtx.o
                0x00000000080013a8                Reset_Handler
 .text.Default_Handler
                0x00000000080013f8        0x2 ./Core/Startup/startup_stm32f070rbtx.o
                0x00000000080013f8                TIM1_CC_IRQHandler
                0x00000000080013f8                TIM6_IRQHandler
                0x00000000080013f8                I2C1_IRQHandler
                0x00000000080013f8                SPI1_IRQHandler
                0x00000000080013f8                USART3_4_IRQHandler
                0x00000000080013f8                EXTI2_3_IRQHandler
                0x00000000080013f8                ADC1_IRQHandler
                0x00000000080013f8                I2C2_IRQHandler
                0x00000000080013f8                TIM17_IRQHandler
                0x00000000080013f8                RTC_IRQHandler
                0x00000000080013f8                TIM16_IRQHandler
                0x00000000080013f8                TIM3_IRQHandler
                0x00000000080013f8                EXTI4_15_IRQHandler
                0x00000000080013f8                RCC_IRQHandler
                0x00000000080013f8                DMA1_Channel1_IRQHandler
                0x00000000080013f8                Default_Handler
                0x00000000080013f8                TIM14_IRQHandler
                0x00000000080013f8                DMA1_Channel4_5_IRQHandler
                0x00000000080013f8                TIM7_IRQHandler
                0x00000000080013f8                TIM15_IRQHandler
                0x00000000080013f8                EXTI0_1_IRQHandler
                0x00000000080013f8                USB_IRQHandler
                0x00000000080013f8                SPI2_IRQHandler
                0x00000000080013f8                WWDG_IRQHandler
                0x00000000080013f8                DMA1_Channel2_3_IRQHandler
                0x00000000080013f8                USART2_IRQHandler
                0x00000000080013f8                FLASH_IRQHandler
                0x00000000080013f8                USART1_IRQHandler
                0x00000000080013f8                TIM1_BRK_UP_TRG_COM_IRQHandler
 *fill*         0x00000000080013fa        0x2 
 .text.HAL_Init
                0x00000000080013fc       0x28 ./Drivers/STM32F0xx_HAL_Driver/Src/stm32f0xx_hal.o
                0x00000000080013fc                HAL_Init
 .text.HAL_InitTick
                0x0000000008001424       0x68 ./Drivers/STM32F0xx_HAL_Driver/Src/stm32f0xx_hal.o
                0x0000000008001424                HAL_InitTick
 .text.HAL_IncTick
                0x000000000800148c       0x24 ./Drivers/STM32F0xx_HAL_Driver/Src/stm32f0xx_hal.o
                0x000000000800148c                HAL_IncTick
 .text.HAL_GetTick
                0x00000000080014b0       0x14 ./Drivers/STM32F0xx_HAL_Driver/Src/stm32f0xx_hal.o
                0x00000000080014b0                HAL_GetTick
 .text.HAL_Delay
                0x00000000080014c4       0x48 ./Drivers/STM32F0xx_HAL_Driver/Src/stm32f0xx_hal.o
                0x00000000080014c4                HAL_Delay
 .text.__NVIC_SetPriority
                0x000000000800150c       0xdc ./Drivers/STM32F0xx_HAL_Driver/Src/stm32f0xx_hal_cortex.o
 .text.SysTick_Config
                0x00000000080015e8       0x48 ./Drivers/STM32F0xx_HAL_Driver/Src/stm32f0xx_hal_cortex.o
 .text.HAL_NVIC_SetPriority
                0x0000000008001630       0x2a ./Drivers/STM32F0xx_HAL_Driver/Src/stm32f0xx_hal_cortex.o
                0x0000000008001630                HAL_NVIC_SetPriority
 .text.HAL_SYSTICK_Config
                0x000000000800165a       0x1a ./Drivers/STM32F0xx_HAL_Driver/Src/stm32f0xx_hal_cortex.o
                0x000000000800165a                HAL_SYSTICK_Config
 .text.HAL_GPIO_Init
                0x0000000008001674      0x2e0 ./Drivers/STM32F0xx_HAL_Driver/Src/stm32f0xx_hal_gpio.o
                0x0000000008001674                HAL_GPIO_Init
 .text.HAL_GPIO_WritePin
                0x0000000008001954       0x3a ./Drivers/STM32F0xx_HAL_Driver/Src/stm32f0xx_hal_gpio.o
                0x0000000008001954                HAL_GPIO_WritePin
 *fill*         0x000000000800198e        0x2 
 .text.HAL_RCC_OscConfig
                0x0000000008001990      0x63c ./Drivers/STM32F0xx_HAL_Driver/Src/stm32f0xx_hal_rcc.o
                0x0000000008001990                HAL_RCC_OscConfig
 .text.HAL_RCC_ClockConfig
                0x0000000008001fcc      0x19c ./Drivers/STM32F0xx_HAL_Driver/Src/stm32f0xx_hal_rcc.o
                0x0000000008001fcc                HAL_RCC_ClockConfig
 .text.HAL_RCC_GetSysClockFreq
                0x0000000008002168       0xcc ./Drivers/STM32F0xx_HAL_Driver/Src/stm32f0xx_hal_rcc.o
                0x0000000008002168                HAL_RCC_GetSysClockFreq
 .text.HAL_RCC_GetHCLKFreq
                0x0000000008002234       0x14 ./Drivers/STM32F0xx_HAL_Driver/Src/stm32f0xx_hal_rcc.o
                0x0000000008002234                HAL_RCC_GetHCLKFreq
 .text.HAL_RCC_GetPCLK1Freq
                0x0000000008002248       0x2c ./Drivers/STM32F0xx_HAL_Driver/Src/stm32f0xx_hal_rcc.o
                0x0000000008002248                HAL_RCC_GetPCLK1Freq
 .text.HAL_SPI_Init
                0x0000000008002274      0x170 ./Drivers/STM32F0xx_HAL_Driver/Src/stm32f0xx_hal_spi.o
                0x0000000008002274                HAL_SPI_Init
 .text.HAL_SPI_Transmit
                0x00000000080023e4      0x2b0 ./Drivers/STM32F0xx_HAL_Driver/Src/stm32f0xx_hal_spi.o
                0x00000000080023e4                HAL_SPI_Transmit
 .text.HAL_SPI_TransmitReceive
                0x0000000008002694      0x3a4 ./Drivers/STM32F0xx_HAL_Driver/Src/stm32f0xx_hal_spi.o
                0x0000000008002694                HAL_SPI_TransmitReceive
 .text.SPI_WaitFlagStateUntilTimeout
                0x0000000008002a38      0x11c ./Drivers/STM32F0xx_HAL_Driver/Src/stm32f0xx_hal_spi.o
 .text.SPI_WaitFifoStateUntilTimeout
                0x0000000008002b54      0x144 ./Drivers/STM32F0xx_HAL_Driver/Src/stm32f0xx_hal_spi.o
 .text.SPI_EndRxTxTransaction
                0x0000000008002c98       0x8c ./Drivers/STM32F0xx_HAL_Driver/Src/stm32f0xx_hal_spi.o
 .text.HAL_UART_Init
                0x0000000008002d24       0xa8 ./Drivers/STM32F0xx_HAL_Driver/Src/stm32f0xx_hal_uart.o
                0x0000000008002d24                HAL_UART_Init
 .text.HAL_UART_Transmit
                0x0000000008002dcc      0x152 ./Drivers/STM32F0xx_HAL_Driver/Src/stm32f0xx_hal_uart.o
                0x0000000008002dcc                HAL_UART_Transmit
 *fill*         0x0000000008002f1e        0x2 
 .text.UART_SetConfig
                0x0000000008002f20      0x2b0 ./Drivers/STM32F0xx_HAL_Driver/Src/stm32f0xx_hal_uart.o
                0x0000000008002f20                UART_SetConfig
 .text.UART_AdvFeatureConfig
                0x00000000080031d0      0x168 ./Drivers/STM32F0xx_HAL_Driver/Src/stm32f0xx_hal_uart.o
                0x00000000080031d0                UART_AdvFeatureConfig
 .text.UART_CheckIdleState
                0x0000000008003338       0x90 ./Drivers/STM32F0xx_HAL_Driver/Src/stm32f0xx_hal_uart.o
                0x0000000008003338                UART_CheckIdleState
 .text.UART_WaitOnFlagUntilTimeout
                0x00000000080033c8      0x188 ./Drivers/STM32F0xx_HAL_Driver/Src/stm32f0xx_hal_uart.o
                0x00000000080033c8                UART_WaitOnFlagUntilTimeout
 .text.MX_FATFS_Init
                0x0000000008003550       0x2c ./FATFS/App/fatfs.o
                0x0000000008003550                MX_FATFS_Init
 .text.get_fattime
                0x000000000800357c        0xc ./FATFS/App/fatfs.o
                0x000000000800357c                get_fattime
 .text.USER_initialize
                0x0000000008003588       0x22 ./FATFS/Target/user_diskio.o
                0x0000000008003588                USER_initialize
 .text.USER_status
                0x00000000080035aa       0x22 ./FATFS/Target/user_diskio.o
                0x00000000080035aa                USER_status
 .text.USER_read
                0x00000000080035cc       0x2e ./FATFS/Target/user_diskio.o
                0x00000000080035cc                USER_read
 .text.USER_write
                0x00000000080035fa       0x2e ./FATFS/Target/user_diskio.o
                0x00000000080035fa                USER_write
 .text.USER_ioctl
                0x0000000008003628       0x30 ./FATFS/Target/user_diskio.o
                0x0000000008003628                USER_ioctl
 .text.disk_status
                0x0000000008003658       0x44 ./Middlewares/Third_Party/FatFs/src/diskio.o
                0x0000000008003658                disk_status
 .text.disk_initialize
                0x000000000800369c       0x60 ./Middlewares/Third_Party/FatFs/src/diskio.o
                0x000000000800369c                disk_initialize
 .text.disk_read
                0x00000000080036fc       0x50 ./Middlewares/Third_Party/FatFs/src/diskio.o
                0x00000000080036fc                disk_read
 .text.disk_write
                0x000000000800374c       0x50 ./Middlewares/Third_Party/FatFs/src/diskio.o
                0x000000000800374c                disk_write
 .text.disk_ioctl
                0x000000000800379c       0x50 ./Middlewares/Third_Party/FatFs/src/diskio.o
                0x000000000800379c                disk_ioctl
 .text.mem_cpy  0x00000000080037ec       0x3a ./Middlewares/Third_Party/FatFs/src/ff.o
 .text.mem_set  0x0000000008003826       0x32 ./Middlewares/Third_Party/FatFs/src/ff.o
 .text.mem_cmp  0x0000000008003858       0x4a ./Middlewares/Third_Party/FatFs/src/ff.o
 .text.chk_chr  0x00000000080038a2       0x32 ./Middlewares/Third_Party/FatFs/src/ff.o
 .text.chk_lock
                0x00000000080038d4       0xe0 ./Middlewares/Third_Party/FatFs/src/ff.o
 .text.enq_lock
                0x00000000080039b4       0x40 ./Middlewares/Third_Party/FatFs/src/ff.o
 .text.inc_lock
                0x00000000080039f4      0x170 ./Middlewares/Third_Party/FatFs/src/ff.o
 .text.dec_lock
                0x0000000008003b64       0xa8 ./Middlewares/Third_Party/FatFs/src/ff.o
 .text.clear_lock
                0x0000000008003c0c       0x4c ./Middlewares/Third_Party/FatFs/src/ff.o
 .text.sync_window
                0x0000000008003c58       0xb0 ./Middlewares/Third_Party/FatFs/src/ff.o
 .text.move_window
                0x0000000008003d08       0x74 ./Middlewares/Third_Party/FatFs/src/ff.o
 .text.sync_fs  0x0000000008003d7c      0x1a8 ./Middlewares/Third_Party/FatFs/src/ff.o
 .text.clust2sect
                0x0000000008003f24       0x4c ./Middlewares/Third_Party/FatFs/src/ff.o
                0x0000000008003f24                clust2sect
 .text.get_fat  0x0000000008003f70      0x1fc ./Middlewares/Third_Party/FatFs/src/ff.o
                0x0000000008003f70                get_fat
 .text.put_fat  0x000000000800416c      0x2d0 ./Middlewares/Third_Party/FatFs/src/ff.o
                0x000000000800416c                put_fat
 .text.remove_chain
                0x000000000800443c       0xe0 ./Middlewares/Third_Party/FatFs/src/ff.o
 .text.create_chain
                0x000000000800451c      0x168 ./Middlewares/Third_Party/FatFs/src/ff.o
 .text.clmt_clust
                0x0000000008004684       0x8c ./Middlewares/Third_Party/FatFs/src/ff.o
 .text.dir_sdi  0x0000000008004710      0x1a8 ./Middlewares/Third_Party/FatFs/src/ff.o
 .text.dir_next
                0x00000000080048b8      0x284 ./Middlewares/Third_Party/FatFs/src/ff.o
 .text.dir_alloc
                0x0000000008004b3c       0xc0 ./Middlewares/Third_Party/FatFs/src/ff.o
 .text.ld_clust
                0x0000000008004bfc       0x5a ./Middlewares/Third_Party/FatFs/src/ff.o
 .text.st_clust
                0x0000000008004c56       0x4a ./Middlewares/Third_Party/FatFs/src/ff.o
 .text.cmp_lfn  0x0000000008004ca0       0xfc ./Middlewares/Third_Party/FatFs/src/ff.o
 .text.fit_lfn  0x0000000008004d9c      0x108 ./Middlewares/Third_Party/FatFs/src/ff.o
 .text.gen_numname
                0x0000000008004ea4      0x128 ./Middlewares/Third_Party/FatFs/src/ff.o
 .text.sum_sfn  0x0000000008004fcc       0x4a ./Middlewares/Third_Party/FatFs/src/ff.o
 *fill*         0x0000000008005016        0x2 
 .text.dir_find
                0x0000000008005018      0x20c ./Middlewares/Third_Party/FatFs/src/ff.o
 .text.dir_register
                0x0000000008005224      0x270 ./Middlewares/Third_Party/FatFs/src/ff.o
 .text.create_name
                0x0000000008005494      0x410 ./Middlewares/Third_Party/FatFs/src/ff.o
 .text.follow_path
                0x00000000080058a4      0x114 ./Middlewares/Third_Party/FatFs/src/ff.o
 .text.get_ldnumber
                0x00000000080059b8       0x84 ./Middlewares/Third_Party/FatFs/src/ff.o
 .text.check_fs
                0x0000000008005a3c       0xe0 ./Middlewares/Third_Party/FatFs/src/ff.o
 .text.find_volume
                0x0000000008005b1c      0x6b4 ./Middlewares/Third_Party/FatFs/src/ff.o
 .text.validate
                0x00000000080061d0       0x7c ./Middlewares/Third_Party/FatFs/src/ff.o
 .text.f_mount  0x000000000800624c       0xa0 ./Middlewares/Third_Party/FatFs/src/ff.o
                0x000000000800624c                f_mount
 .text.f_open   0x00000000080062ec      0x520 ./Middlewares/Third_Party/FatFs/src/ff.o
                0x00000000080062ec                f_open
 .text.f_read   0x000000000800680c      0x3bc ./Middlewares/Third_Party/FatFs/src/ff.o
                0x000000000800680c                f_read
 .text.f_write  0x0000000008006bc8      0x44c ./Middlewares/Third_Party/FatFs/src/ff.o
                0x0000000008006bc8                f_write
 .text.f_sync   0x0000000008007014      0x1b4 ./Middlewares/Third_Party/FatFs/src/ff.o
                0x0000000008007014                f_sync
 .text.f_close  0x00000000080071c8       0x6c ./Middlewares/Third_Party/FatFs/src/ff.o
                0x00000000080071c8                f_close
 .text.FATFS_LinkDriverEx
                0x0000000008007234       0xa8 ./Middlewares/Third_Party/FatFs/src/ff_gen_drv.o
                0x0000000008007234                FATFS_LinkDriverEx
 .text.FATFS_LinkDriver
                0x00000000080072dc       0x20 ./Middlewares/Third_Party/FatFs/src/ff_gen_drv.o
                0x00000000080072dc                FATFS_LinkDriver
 .text.ff_convert
                0x00000000080072fc       0xa4 ./Middlewares/Third_Party/FatFs/src/option/ccsbcs.o
                0x00000000080072fc                ff_convert
 .text.ff_wtoupper
                0x00000000080073a0       0x60 ./Middlewares/Third_Party/FatFs/src/option/ccsbcs.o
                0x00000000080073a0                ff_wtoupper
 .text.__libc_init_array
                0x0000000008007400       0x48 c:/st/stm32cubeide_1.9.0/stm32cubeide/plugins/com.st.stm32cube.ide.mcu.externaltools.gnu-tools-for-stm32.10.3-2021.10.win32_1.0.0.202111181127/tools/bin/../lib/gcc/arm-none-eabi/10.3.1/../../../../arm-none-eabi/lib/thumb/v6-m/nofp\libc_nano.a(lib_a-init.o)
                0x0000000008007400                __libc_init_array
 .text.memset   0x0000000008007448       0x10 c:/st/stm32cubeide_1.9.0/stm32cubeide/plugins/com.st.stm32cube.ide.mcu.externaltools.gnu-tools-for-stm32.10.3-2021.10.win32_1.0.0.202111181127/tools/bin/../lib/gcc/arm-none-eabi/10.3.1/../../../../arm-none-eabi/lib/thumb/v6-m/nofp\libc_nano.a(lib_a-memset.o)
                0x0000000008007448                memset
 *(.glue_7)
 .glue_7        0x0000000008007458        0x0 linker stubs
 *(.glue_7t)
 .glue_7t       0x0000000008007458        0x0 linker stubs
 *(.eh_frame)
 .eh_frame      0x0000000008007458        0x0 c:/st/stm32cubeide_1.9.0/stm32cubeide/plugins/com.st.stm32cube.ide.mcu.externaltools.gnu-tools-for-stm32.10.3-2021.10.win32_1.0.0.202111181127/tools/bin/../lib/gcc/arm-none-eabi/10.3.1/thumb/v6-m/nofp/crtbegin.o
 *(.init)
 .init          0x0000000008007458        0x4 c:/st/stm32cubeide_1.9.0/stm32cubeide/plugins/com.st.stm32cube.ide.mcu.externaltools.gnu-tools-for-stm32.10.3-2021.10.win32_1.0.0.202111181127/tools/bin/../lib/gcc/arm-none-eabi/10.3.1/thumb/v6-m/nofp/crti.o
                0x0000000008007458                _init
 .init          0x000000000800745c        0x8 c:/st/stm32cubeide_1.9.0/stm32cubeide/plugins/com.st.stm32cube.ide.mcu.externaltools.gnu-tools-for-stm32.10.3-2021.10.win32_1.0.0.202111181127/tools/bin/../lib/gcc/arm-none-eabi/10.3.1/thumb/v6-m/nofp/crtn.o
 *(.fini)
 .fini          0x0000000008007464        0x4 c:/st/stm32cubeide_1.9.0/stm32cubeide/plugins/com.st.stm32cube.ide.mcu.externaltools.gnu-tools-for-stm32.10.3-2021.10.win32_1.0.0.202111181127/tools/bin/../lib/gcc/arm-none-eabi/10.3.1/thumb/v6-m/nofp/crti.o
                0x0000000008007464                _fini
 .fini          0x0000000008007468        0x8 c:/st/stm32cubeide_1.9.0/stm32cubeide/plugins/com.st.stm32cube.ide.mcu.externaltools.gnu-tools-for-stm32.10.3-2021.10.win32_1.0.0.202111181127/tools/bin/../lib/gcc/arm-none-eabi/10.3.1/thumb/v6-m/nofp/crtn.o
                0x0000000008007470                . = ALIGN (0x4)
                0x0000000008007470                _etext = .

.vfp11_veneer   0x0000000008007470        0x0
 .vfp11_veneer  0x0000000008007470        0x0 linker stubs

.v4_bx          0x0000000008007470        0x0
 .v4_bx         0x0000000008007470        0x0 linker stubs

.iplt           0x0000000008007470        0x0
 .iplt          0x0000000008007470        0x0 c:/st/stm32cubeide_1.9.0/stm32cubeide/plugins/com.st.stm32cube.ide.mcu.externaltools.gnu-tools-for-stm32.10.3-2021.10.win32_1.0.0.202111181127/tools/bin/../lib/gcc/arm-none-eabi/10.3.1/thumb/v6-m/nofp/crtbegin.o

.rodata         0x0000000008007470      0x69c
                0x0000000008007470                . = ALIGN (0x4)
 *(.rodata)
 .rodata        0x0000000008007470       0x93 ./Core/Src/main.o
 *fill*         0x0000000008007503        0x1 
 .rodata        0x0000000008007504       0x20 ./Drivers/STM32F0xx_HAL_Driver/Src/stm32f0xx_hal_rcc.o
 .rodata        0x0000000008007524       0x48 ./Middlewares/Third_Party/FatFs/src/ff.o
 *(.rodata*)
 .rodata.SD_disk_ioctl
                0x000000000800756c       0x38 ./Core/Src/fatfs_sd.o
 .rodata.AHBPrescTable
                0x00000000080075a4       0x10 ./Core/Src/system_stm32f0xx.o
                0x00000000080075a4                AHBPrescTable
 .rodata.APBPrescTable
                0x00000000080075b4        0x8 ./Core/Src/system_stm32f0xx.o
                0x00000000080075b4                APBPrescTable
 .rodata.ExCvt  0x00000000080075bc       0x80 ./Middlewares/Third_Party/FatFs/src/ff.o
 .rodata.LfnOfs
                0x000000000800763c        0xd ./Middlewares/Third_Party/FatFs/src/ff.o
 *fill*         0x0000000008007649        0x3 
 .rodata.Tbl    0x000000000800764c      0x100 ./Middlewares/Third_Party/FatFs/src/option/ccsbcs.o
 .rodata.tbl_lower.1
                0x000000000800774c      0x1e0 ./Middlewares/Third_Party/FatFs/src/option/ccsbcs.o
 .rodata.tbl_upper.0
                0x000000000800792c      0x1e0 ./Middlewares/Third_Party/FatFs/src/option/ccsbcs.o
                0x0000000008007b0c                . = ALIGN (0x4)

.rel.dyn        0x0000000008007b0c        0x0
 .rel.iplt      0x0000000008007b0c        0x0 c:/st/stm32cubeide_1.9.0/stm32cubeide/plugins/com.st.stm32cube.ide.mcu.externaltools.gnu-tools-for-stm32.10.3-2021.10.win32_1.0.0.202111181127/tools/bin/../lib/gcc/arm-none-eabi/10.3.1/thumb/v6-m/nofp/crtbegin.o

.ARM.extab      0x0000000008007b0c        0x0
                0x0000000008007b0c                . = ALIGN (0x4)
 *(.ARM.extab* .gnu.linkonce.armextab.*)
                0x0000000008007b0c                . = ALIGN (0x4)

.ARM            0x0000000008007b0c        0x0
                0x0000000008007b0c                . = ALIGN (0x4)
                0x0000000008007b0c                __exidx_start = .
 *(.ARM.exidx*)
                0x0000000008007b0c                __exidx_end = .
                0x0000000008007b0c                . = ALIGN (0x4)

.preinit_array  0x0000000008007b0c        0x0
                0x0000000008007b0c                . = ALIGN (0x4)
                0x0000000008007b0c                PROVIDE (__preinit_array_start = .)
 *(.preinit_array*)
                0x0000000008007b0c                PROVIDE (__preinit_array_end = .)
                0x0000000008007b0c                . = ALIGN (0x4)

.init_array     0x0000000008007b0c        0x4
                0x0000000008007b0c                . = ALIGN (0x4)
                0x0000000008007b0c                PROVIDE (__init_array_start = .)
 *(SORT_BY_NAME(.init_array.*))
 *(.init_array*)
 .init_array    0x0000000008007b0c        0x4 c:/st/stm32cubeide_1.9.0/stm32cubeide/plugins/com.st.stm32cube.ide.mcu.externaltools.gnu-tools-for-stm32.10.3-2021.10.win32_1.0.0.202111181127/tools/bin/../lib/gcc/arm-none-eabi/10.3.1/thumb/v6-m/nofp/crtbegin.o
                0x0000000008007b10                PROVIDE (__init_array_end = .)
                0x0000000008007b10                . = ALIGN (0x4)

.fini_array     0x0000000008007b10        0x4
                0x0000000008007b10                . = ALIGN (0x4)
                [!provide]                        PROVIDE (__fini_array_start = .)
 *(SORT_BY_NAME(.fini_array.*))
 *(.fini_array*)
 .fini_array    0x0000000008007b10        0x4 c:/st/stm32cubeide_1.9.0/stm32cubeide/plugins/com.st.stm32cube.ide.mcu.externaltools.gnu-tools-for-stm32.10.3-2021.10.win32_1.0.0.202111181127/tools/bin/../lib/gcc/arm-none-eabi/10.3.1/thumb/v6-m/nofp/crtbegin.o
                [!provide]                        PROVIDE (__fini_array_end = .)
                0x0000000008007b14                . = ALIGN (0x4)
                0x0000000008007b14                _sidata = LOADADDR (.data)

.data           0x0000000020000000       0x24 load address 0x0000000008007b14
                0x0000000020000000                . = ALIGN (0x4)
                0x0000000020000000                _sdata = .
 *(.data)
 *(.data*)
 .data.Stat     0x0000000020000000        0x1 ./Core/Src/fatfs_sd.o
 *fill*         0x0000000020000001        0x3 
 .data.SystemCoreClock
                0x0000000020000004        0x4 ./Core/Src/system_stm32f0xx.o
                0x0000000020000004                SystemCoreClock
 .data.uwTickPrio
                0x0000000020000008        0x4 ./Drivers/STM32F0xx_HAL_Driver/Src/stm32f0xx_hal.o
                0x0000000020000008                uwTickPrio
 .data.uwTickFreq
                0x000000002000000c        0x1 ./Drivers/STM32F0xx_HAL_Driver/Src/stm32f0xx_hal.o
                0x000000002000000c                uwTickFreq
 *fill*         0x000000002000000d        0x3 
 .data.USER_Driver
                0x0000000020000010       0x14 ./FATFS/Target/user_diskio.o
                0x0000000020000010                USER_Driver
 *(.RamFunc)
 *(.RamFunc*)
                0x0000000020000024                . = ALIGN (0x4)
                0x0000000020000024                _edata = .

.igot.plt       0x0000000020000024        0x0 load address 0x0000000008007b38
 .igot.plt      0x0000000020000024        0x0 c:/st/stm32cubeide_1.9.0/stm32cubeide/plugins/com.st.stm32cube.ide.mcu.externaltools.gnu-tools-for-stm32.10.3-2021.10.win32_1.0.0.202111181127/tools/bin/../lib/gcc/arm-none-eabi/10.3.1/thumb/v6-m/nofp/crtbegin.o
                0x0000000020000024                . = ALIGN (0x4)

.bss            0x0000000020000024     0x2430 load address 0x0000000008007b38
                0x0000000020000024                _sbss = .
                0x0000000020000024                __bss_start__ = _sbss
 *(.bss)
 .bss           0x0000000020000024       0x1c c:/st/stm32cubeide_1.9.0/stm32cubeide/plugins/com.st.stm32cube.ide.mcu.externaltools.gnu-tools-for-stm32.10.3-2021.10.win32_1.0.0.202111181127/tools/bin/../lib/gcc/arm-none-eabi/10.3.1/thumb/v6-m/nofp/crtbegin.o
 *(.bss*)
 .bss.CardType  0x0000000020000040        0x1 ./Core/Src/fatfs_sd.o
 .bss.PowerFlag
                0x0000000020000041        0x1 ./Core/Src/fatfs_sd.o
 *fill*         0x0000000020000042        0x2 
 .bss.hspi1     0x0000000020000044       0x64 ./Core/Src/main.o
                0x0000000020000044                hspi1
 .bss.huart2    0x00000000200000a8       0x84 ./Core/Src/main.o
                0x00000000200000a8                huart2
 .bss.fs        0x000000002000012c     0x1030 ./Core/Src/main.o
                0x000000002000012c                fs
 .bss.fil       0x000000002000115c     0x102c ./Core/Src/main.o
                0x000000002000115c                fil
 .bss.fresult   0x0000000020002188        0x1 ./Core/Src/main.o
                0x0000000020002188                fresult
 *fill*         0x0000000020002189        0x3 
 .bss.br        0x000000002000218c        0x4 ./Core/Src/main.o
                0x000000002000218c                br
 .bss.bw        0x0000000020002190        0x4 ./Core/Src/main.o
                0x0000000020002190                bw
 .bss.buffer    0x0000000020002194       0x80 ./Core/Src/main.o
                0x0000000020002194                buffer
 .bss.FatFsCnt  0x0000000020002214        0x1 ./Core/Src/stm32f0xx_it.o
                0x0000000020002214                FatFsCnt
 *fill*         0x0000000020002215        0x1 
 .bss.Timer1    0x0000000020002216        0x2 ./Core/Src/stm32f0xx_it.o
                0x0000000020002216                Timer1
 .bss.Timer2    0x0000000020002218        0x2 ./Core/Src/stm32f0xx_it.o
                0x0000000020002218                Timer2
 *fill*         0x000000002000221a        0x2 
 .bss.uwTick    0x000000002000221c        0x4 ./Drivers/STM32F0xx_HAL_Driver/Src/stm32f0xx_hal.o
                0x000000002000221c                uwTick
 .bss.retUSER   0x0000000020002220        0x1 ./FATFS/App/fatfs.o
                0x0000000020002220                retUSER
 *fill*         0x0000000020002221        0x3 
 .bss.USERPath  0x0000000020002224        0x4 ./FATFS/App/fatfs.o
                0x0000000020002224                USERPath
 .bss.FatFs     0x0000000020002228        0x4 ./Middlewares/Third_Party/FatFs/src/ff.o
 .bss.Fsid      0x000000002000222c        0x2 ./Middlewares/Third_Party/FatFs/src/ff.o
 *fill*         0x000000002000222e        0x2 
 .bss.Files     0x0000000020002230       0x18 ./Middlewares/Third_Party/FatFs/src/ff.o
 .bss.LfnBuf    0x0000000020002248      0x200 ./Middlewares/Third_Party/FatFs/src/ff.o
 .bss.disk      0x0000000020002448        0xc ./Middlewares/Third_Party/FatFs/src/ff_gen_drv.o
                0x0000000020002448                disk
 *(COMMON)
                0x0000000020002454                . = ALIGN (0x4)
                0x0000000020002454                _ebss = .
                0x0000000020002454                __bss_end__ = _ebss

._user_heap_stack
                0x0000000020002454      0x604 load address 0x0000000008007b38
                0x0000000020002458                . = ALIGN (0x8)
 *fill*         0x0000000020002454        0x4 
                [!provide]                        PROVIDE (end = .)
                0x0000000020002458                PROVIDE (_end = .)
                0x0000000020002658                . = (. + _Min_Heap_Size)
 *fill*         0x0000000020002458      0x200 
                0x0000000020002a58                . = (. + _Min_Stack_Size)
 *fill*         0x0000000020002658      0x400 
                0x0000000020002a58                . = ALIGN (0x8)

/DISCARD/
 libc.a(*)
 libm.a(*)
 libgcc.a(*)

.ARM.attributes
                0x0000000000000000       0x28
 *(.ARM.attributes)
 .ARM.attributes
                0x0000000000000000       0x1e c:/st/stm32cubeide_1.9.0/stm32cubeide/plugins/com.st.stm32cube.ide.mcu.externaltools.gnu-tools-for-stm32.10.3-2021.10.win32_1.0.0.202111181127/tools/bin/../lib/gcc/arm-none-eabi/10.3.1/thumb/v6-m/nofp/crti.o
 .ARM.attributes
                0x000000000000001e       0x2c c:/st/stm32cubeide_1.9.0/stm32cubeide/plugins/com.st.stm32cube.ide.mcu.externaltools.gnu-tools-for-stm32.10.3-2021.10.win32_1.0.0.202111181127/tools/bin/../lib/gcc/arm-none-eabi/10.3.1/thumb/v6-m/nofp/crtbegin.o
 .ARM.attributes
                0x000000000000004a       0x2c ./Core/Src/fatfs_sd.o
 .ARM.attributes
                0x0000000000000076       0x2c ./Core/Src/main.o
 .ARM.attributes
                0x00000000000000a2       0x2c ./Core/Src/stm32f0xx_hal_msp.o
 .ARM.attributes
                0x00000000000000ce       0x2c ./Core/Src/stm32f0xx_it.o
 .ARM.attributes
                0x00000000000000fa       0x2c ./Core/Src/system_stm32f0xx.o
 .ARM.attributes
                0x0000000000000126       0x21 ./Core/Startup/startup_stm32f070rbtx.o
 .ARM.attributes
                0x0000000000000147       0x2c ./Drivers/STM32F0xx_HAL_Driver/Src/stm32f0xx_hal.o
 .ARM.attributes
                0x0000000000000173       0x2c ./Drivers/STM32F0xx_HAL_Driver/Src/stm32f0xx_hal_cortex.o
 .ARM.attributes
                0x000000000000019f       0x2c ./Drivers/STM32F0xx_HAL_Driver/Src/stm32f0xx_hal_gpio.o
 .ARM.attributes
                0x00000000000001cb       0x2c ./Drivers/STM32F0xx_HAL_Driver/Src/stm32f0xx_hal_rcc.o
 .ARM.attributes
                0x00000000000001f7       0x2c ./Drivers/STM32F0xx_HAL_Driver/Src/stm32f0xx_hal_spi.o
 .ARM.attributes
                0x0000000000000223       0x2c ./Drivers/STM32F0xx_HAL_Driver/Src/stm32f0xx_hal_uart.o
 .ARM.attributes
                0x000000000000024f       0x2c ./FATFS/App/fatfs.o
 .ARM.attributes
                0x000000000000027b       0x2c ./FATFS/Target/user_diskio.o
 .ARM.attributes
                0x00000000000002a7       0x2c ./Middlewares/Third_Party/FatFs/src/diskio.o
 .ARM.attributes
                0x00000000000002d3       0x2c ./Middlewares/Third_Party/FatFs/src/ff.o
 .ARM.attributes
                0x00000000000002ff       0x2c ./Middlewares/Third_Party/FatFs/src/ff_gen_drv.o
 .ARM.attributes
                0x000000000000032b       0x2c ./Middlewares/Third_Party/FatFs/src/option/ccsbcs.o
 .ARM.attributes
                0x0000000000000357       0x2c c:/st/stm32cubeide_1.9.0/stm32cubeide/plugins/com.st.stm32cube.ide.mcu.externaltools.gnu-tools-for-stm32.10.3-2021.10.win32_1.0.0.202111181127/tools/bin/../lib/gcc/arm-none-eabi/10.3.1/../../../../arm-none-eabi/lib/thumb/v6-m/nofp\libc_nano.a(lib_a-init.o)
 .ARM.attributes
                0x0000000000000383       0x2c c:/st/stm32cubeide_1.9.0/stm32cubeide/plugins/com.st.stm32cube.ide.mcu.externaltools.gnu-tools-for-stm32.10.3-2021.10.win32_1.0.0.202111181127/tools/bin/../lib/gcc/arm-none-eabi/10.3.1/../../../../arm-none-eabi/lib/thumb/v6-m/nofp\libc_nano.a(lib_a-memset.o)
 .ARM.attributes
                0x00000000000003af       0x1c c:/st/stm32cubeide_1.9.0/stm32cubeide/plugins/com.st.stm32cube.ide.mcu.externaltools.gnu-tools-for-stm32.10.3-2021.10.win32_1.0.0.202111181127/tools/bin/../lib/gcc/arm-none-eabi/10.3.1/../../../../arm-none-eabi/lib/thumb/v6-m/nofp\libc_nano.a(lib_a-strlen.o)
 .ARM.attributes
                0x00000000000003cb       0x1e c:/st/stm32cubeide_1.9.0/stm32cubeide/plugins/com.st.stm32cube.ide.mcu.externaltools.gnu-tools-for-stm32.10.3-2021.10.win32_1.0.0.202111181127/tools/bin/../lib/gcc/arm-none-eabi/10.3.1/thumb/v6-m/nofp\libgcc.a(_udivsi3.o)
 .ARM.attributes
                0x00000000000003e9       0x1e c:/st/stm32cubeide_1.9.0/stm32cubeide/plugins/com.st.stm32cube.ide.mcu.externaltools.gnu-tools-for-stm32.10.3-2021.10.win32_1.0.0.202111181127/tools/bin/../lib/gcc/arm-none-eabi/10.3.1/thumb/v6-m/nofp\libgcc.a(_dvmd_tls.o)
 .ARM.attributes
                0x0000000000000407       0x1e c:/st/stm32cubeide_1.9.0/stm32cubeide/plugins/com.st.stm32cube.ide.mcu.externaltools.gnu-tools-for-stm32.10.3-2021.10.win32_1.0.0.202111181127/tools/bin/../lib/gcc/arm-none-eabi/10.3.1/thumb/v6-m/nofp/crtn.o
OUTPUT(nucleo-f070rb-sd-card.elf elf32-littlearm)
LOAD linker stubs
LOAD c:/st/stm32cubeide_1.9.0/stm32cubeide/plugins/com.st.stm32cube.ide.mcu.externaltools.gnu-tools-for-stm32.10.3-2021.10.win32_1.0.0.202111181127/tools/bin/../lib/gcc/arm-none-eabi/10.3.1/../../../../arm-none-eabi/lib/thumb/v6-m/nofp\libc.a
LOAD c:/st/stm32cubeide_1.9.0/stm32cubeide/plugins/com.st.stm32cube.ide.mcu.externaltools.gnu-tools-for-stm32.10.3-2021.10.win32_1.0.0.202111181127/tools/bin/../lib/gcc/arm-none-eabi/10.3.1/../../../../arm-none-eabi/lib/thumb/v6-m/nofp\libm.a
LOAD c:/st/stm32cubeide_1.9.0/stm32cubeide/plugins/com.st.stm32cube.ide.mcu.externaltools.gnu-tools-for-stm32.10.3-2021.10.win32_1.0.0.202111181127/tools/bin/../lib/gcc/arm-none-eabi/10.3.1/thumb/v6-m/nofp\libgcc.a

.debug_info     0x0000000000000000     0xda98
 .debug_info    0x0000000000000000      0xc9a ./Core/Src/fatfs_sd.o
 .debug_info    0x0000000000000c9a     0x14d0 ./Core/Src/main.o
 .debug_info    0x000000000000216a      0xc7a ./Core/Src/stm32f0xx_hal_msp.o
 .debug_info    0x0000000000002de4      0x15c ./Core/Src/stm32f0xx_it.o
 .debug_info    0x0000000000002f40      0x269 ./Core/Src/system_stm32f0xx.o
 .debug_info    0x00000000000031a9       0x22 ./Core/Startup/startup_stm32f070rbtx.o
 .debug_info    0x00000000000031cb      0x6cd ./Drivers/STM32F0xx_HAL_Driver/Src/stm32f0xx_hal.o
 .debug_info    0x0000000000003898      0x70b ./Drivers/STM32F0xx_HAL_Driver/Src/stm32f0xx_hal_cortex.o
 .debug_info    0x0000000000003fa3      0x614 ./Drivers/STM32F0xx_HAL_Driver/Src/stm32f0xx_hal_gpio.o
 .debug_info    0x00000000000045b7      0x888 ./Drivers/STM32F0xx_HAL_Driver/Src/stm32f0xx_hal_rcc.o
 .debug_info    0x0000000000004e3f     0x1769 ./Drivers/STM32F0xx_HAL_Driver/Src/stm32f0xx_hal_spi.o
 .debug_info    0x00000000000065a8     0x3b92 ./Drivers/STM32F0xx_HAL_Driver/Src/stm32f0xx_hal_uart.o
 .debug_info    0x000000000000a13a      0x52d ./FATFS/App/fatfs.o
 .debug_info    0x000000000000a667      0x3dc ./FATFS/Target/user_diskio.o
 .debug_info    0x000000000000aa43      0x40d ./Middlewares/Third_Party/FatFs/src/diskio.o
 .debug_info    0x000000000000ae50     0x2727 ./Middlewares/Third_Party/FatFs/src/ff.o
 .debug_info    0x000000000000d577      0x3a4 ./Middlewares/Third_Party/FatFs/src/ff_gen_drv.o
 .debug_info    0x000000000000d91b      0x17d ./Middlewares/Third_Party/FatFs/src/option/ccsbcs.o

.debug_abbrev   0x0000000000000000     0x2131
 .debug_abbrev  0x0000000000000000      0x2c4 ./Core/Src/fatfs_sd.o
 .debug_abbrev  0x00000000000002c4      0x36d ./Core/Src/main.o
 .debug_abbrev  0x0000000000000631      0x194 ./Core/Src/stm32f0xx_hal_msp.o
 .debug_abbrev  0x00000000000007c5       0x9d ./Core/Src/stm32f0xx_it.o
 .debug_abbrev  0x0000000000000862      0x116 ./Core/Src/system_stm32f0xx.o
 .debug_abbrev  0x0000000000000978       0x12 ./Core/Startup/startup_stm32f070rbtx.o
 .debug_abbrev  0x000000000000098a      0x23f ./Drivers/STM32F0xx_HAL_Driver/Src/stm32f0xx_hal.o
 .debug_abbrev  0x0000000000000bc9      0x283 ./Drivers/STM32F0xx_HAL_Driver/Src/stm32f0xx_hal_cortex.o
 .debug_abbrev  0x0000000000000e4c      0x1bb ./Drivers/STM32F0xx_HAL_Driver/Src/stm32f0xx_hal_gpio.o
 .debug_abbrev  0x0000000000001007      0x283 ./Drivers/STM32F0xx_HAL_Driver/Src/stm32f0xx_hal_rcc.o
 .debug_abbrev  0x000000000000128a      0x254 ./Drivers/STM32F0xx_HAL_Driver/Src/stm32f0xx_hal_spi.o
 .debug_abbrev  0x00000000000014de      0x2b6 ./Drivers/STM32F0xx_HAL_Driver/Src/stm32f0xx_hal_uart.o
 .debug_abbrev  0x0000000000001794      0x19a ./FATFS/App/fatfs.o
 .debug_abbrev  0x000000000000192e      0x155 ./FATFS/Target/user_diskio.o
 .debug_abbrev  0x0000000000001a83      0x178 ./Middlewares/Third_Party/FatFs/src/diskio.o
 .debug_abbrev  0x0000000000001bfb      0x2cd ./Middlewares/Third_Party/FatFs/src/ff.o
 .debug_abbrev  0x0000000000001ec8      0x196 ./Middlewares/Third_Party/FatFs/src/ff_gen_drv.o
 .debug_abbrev  0x000000000000205e       0xd3 ./Middlewares/Third_Party/FatFs/src/option/ccsbcs.o

.debug_aranges  0x0000000000000000      0xb60
 .debug_aranges
                0x0000000000000000       0xa8 ./Core/Src/fatfs_sd.o
 .debug_aranges
                0x00000000000000a8       0x60 ./Core/Src/main.o
 .debug_aranges
                0x0000000000000108       0x40 ./Core/Src/stm32f0xx_hal_msp.o
 .debug_aranges
                0x0000000000000148       0x48 ./Core/Src/stm32f0xx_it.o
 .debug_aranges
                0x0000000000000190       0x28 ./Core/Src/system_stm32f0xx.o
 .debug_aranges
                0x00000000000001b8       0x28 ./Core/Startup/startup_stm32f070rbtx.o
 .debug_aranges
                0x00000000000001e0       0xd0 ./Drivers/STM32F0xx_HAL_Driver/Src/stm32f0xx_hal.o
 .debug_aranges
                0x00000000000002b0       0xc0 ./Drivers/STM32F0xx_HAL_Driver/Src/stm32f0xx_hal_cortex.o
 .debug_aranges
                0x0000000000000370       0x58 ./Drivers/STM32F0xx_HAL_Driver/Src/stm32f0xx_hal_gpio.o
 .debug_aranges
                0x00000000000003c8       0x80 ./Drivers/STM32F0xx_HAL_Driver/Src/stm32f0xx_hal_rcc.o
 .debug_aranges
                0x0000000000000448      0x1d8 ./Drivers/STM32F0xx_HAL_Driver/Src/stm32f0xx_hal_spi.o
 .debug_aranges
                0x0000000000000620      0x218 ./Drivers/STM32F0xx_HAL_Driver/Src/stm32f0xx_hal_uart.o
 .debug_aranges
                0x0000000000000838       0x28 ./FATFS/App/fatfs.o
 .debug_aranges
                0x0000000000000860       0x40 ./FATFS/Target/user_diskio.o
 .debug_aranges
                0x00000000000008a0       0x48 ./Middlewares/Third_Party/FatFs/src/diskio.o
 .debug_aranges
                0x00000000000008e8      0x210 ./Middlewares/Third_Party/FatFs/src/ff.o
 .debug_aranges
                0x0000000000000af8       0x40 ./Middlewares/Third_Party/FatFs/src/ff_gen_drv.o
 .debug_aranges
                0x0000000000000b38       0x28 ./Middlewares/Third_Party/FatFs/src/option/ccsbcs.o

.debug_ranges   0x0000000000000000      0xa78
 .debug_ranges  0x0000000000000000       0x98 ./Core/Src/fatfs_sd.o
 .debug_ranges  0x0000000000000098       0x50 ./Core/Src/main.o
 .debug_ranges  0x00000000000000e8       0x30 ./Core/Src/stm32f0xx_hal_msp.o
 .debug_ranges  0x0000000000000118       0x38 ./Core/Src/stm32f0xx_it.o
 .debug_ranges  0x0000000000000150       0x18 ./Core/Src/system_stm32f0xx.o
 .debug_ranges  0x0000000000000168       0x20 ./Core/Startup/startup_stm32f070rbtx.o
 .debug_ranges  0x0000000000000188       0xc0 ./Drivers/STM32F0xx_HAL_Driver/Src/stm32f0xx_hal.o
 .debug_ranges  0x0000000000000248       0xb0 ./Drivers/STM32F0xx_HAL_Driver/Src/stm32f0xx_hal_cortex.o
 .debug_ranges  0x00000000000002f8       0x48 ./Drivers/STM32F0xx_HAL_Driver/Src/stm32f0xx_hal_gpio.o
 .debug_ranges  0x0000000000000340       0x70 ./Drivers/STM32F0xx_HAL_Driver/Src/stm32f0xx_hal_rcc.o
 .debug_ranges  0x00000000000003b0      0x1c8 ./Drivers/STM32F0xx_HAL_Driver/Src/stm32f0xx_hal_spi.o
 .debug_ranges  0x0000000000000578      0x238 ./Drivers/STM32F0xx_HAL_Driver/Src/stm32f0xx_hal_uart.o
 .debug_ranges  0x00000000000007b0       0x18 ./FATFS/App/fatfs.o
 .debug_ranges  0x00000000000007c8       0x30 ./FATFS/Target/user_diskio.o
 .debug_ranges  0x00000000000007f8       0x38 ./Middlewares/Third_Party/FatFs/src/diskio.o
 .debug_ranges  0x0000000000000830      0x200 ./Middlewares/Third_Party/FatFs/src/ff.o
 .debug_ranges  0x0000000000000a30       0x30 ./Middlewares/Third_Party/FatFs/src/ff_gen_drv.o
 .debug_ranges  0x0000000000000a60       0x18 ./Middlewares/Third_Party/FatFs/src/option/ccsbcs.o

.debug_macro    0x0000000000000000    0x11662
 .debug_macro   0x0000000000000000      0x208 ./Core/Src/fatfs_sd.o
 .debug_macro   0x0000000000000208      0xa4e ./Core/Src/fatfs_sd.o
 .debug_macro   0x0000000000000c56      0x133 ./Core/Src/fatfs_sd.o
 .debug_macro   0x0000000000000d89       0x2e ./Core/Src/fatfs_sd.o
 .debug_macro   0x0000000000000db7       0x22 ./Core/Src/fatfs_sd.o
 .debug_macro   0x0000000000000dd9       0x22 ./Core/Src/fatfs_sd.o
 .debug_macro   0x0000000000000dfb       0x8e ./Core/Src/fatfs_sd.o
 .debug_macro   0x0000000000000e89       0x51 ./Core/Src/fatfs_sd.o
 .debug_macro   0x0000000000000eda      0x103 ./Core/Src/fatfs_sd.o
 .debug_macro   0x0000000000000fdd       0x6a ./Core/Src/fatfs_sd.o
 .debug_macro   0x0000000000001047      0x1df ./Core/Src/fatfs_sd.o
 .debug_macro   0x0000000000001226       0x1c ./Core/Src/fatfs_sd.o
 .debug_macro   0x0000000000001242       0x22 ./Core/Src/fatfs_sd.o
 .debug_macro   0x0000000000001264       0xaf ./Core/Src/fatfs_sd.o
 .debug_macro   0x0000000000001313      0x391 ./Core/Src/fatfs_sd.o
 .debug_macro   0x00000000000016a4     0x7655 ./Core/Src/fatfs_sd.o
 .debug_macro   0x0000000000008cf9       0x66 ./Core/Src/fatfs_sd.o
 .debug_macro   0x0000000000008d5f     0x34a6 ./Core/Src/fatfs_sd.o
 .debug_macro   0x000000000000c205      0x174 ./Core/Src/fatfs_sd.o
 .debug_macro   0x000000000000c379       0x55 ./Core/Src/fatfs_sd.o
 .debug_macro   0x000000000000c3ce      0x924 ./Core/Src/fatfs_sd.o
 .debug_macro   0x000000000000ccf2      0x289 ./Core/Src/fatfs_sd.o
 .debug_macro   0x000000000000cf7b      0x1af ./Core/Src/fatfs_sd.o
 .debug_macro   0x000000000000d12a      0x130 ./Core/Src/fatfs_sd.o
 .debug_macro   0x000000000000d25a      0x1a0 ./Core/Src/fatfs_sd.o
 .debug_macro   0x000000000000d3fa      0x1f4 ./Core/Src/fatfs_sd.o
 .debug_macro   0x000000000000d5ee       0x34 ./Core/Src/fatfs_sd.o
 .debug_macro   0x000000000000d622       0x43 ./Core/Src/fatfs_sd.o
 .debug_macro   0x000000000000d665       0x28 ./Core/Src/fatfs_sd.o
 .debug_macro   0x000000000000d68d       0xb0 ./Core/Src/fatfs_sd.o
 .debug_macro   0x000000000000d73d      0x217 ./Core/Src/fatfs_sd.o
 .debug_macro   0x000000000000d954      0x22c ./Core/Src/fatfs_sd.o
 .debug_macro   0x000000000000db80       0x61 ./Core/Src/fatfs_sd.o
 .debug_macro   0x000000000000dbe1       0xa5 ./Core/Src/fatfs_sd.o
 .debug_macro   0x000000000000dc86       0x4c ./Core/Src/fatfs_sd.o
 .debug_macro   0x000000000000dcd2       0x49 ./Core/Src/fatfs_sd.o
 .debug_macro   0x000000000000dd1b      0x2fe ./Core/Src/fatfs_sd.o
 .debug_macro   0x000000000000e019      0x55f ./Core/Src/fatfs_sd.o
 .debug_macro   0x000000000000e578       0x44 ./Core/Src/fatfs_sd.o
 .debug_macro   0x000000000000e5bc      0x11b ./Core/Src/fatfs_sd.o
 .debug_macro   0x000000000000e6d7       0x16 ./Core/Src/fatfs_sd.o
 .debug_macro   0x000000000000e6ed       0x7c ./Core/Src/fatfs_sd.o
 .debug_macro   0x000000000000e769       0x88 ./Core/Src/fatfs_sd.o
 .debug_macro   0x000000000000e7f1      0x2fc ./Core/Src/main.o
 .debug_macro   0x000000000000eaed       0x88 ./Core/Src/main.o
 .debug_macro   0x000000000000eb75       0xde ./Core/Src/main.o
 .debug_macro   0x000000000000ec53       0xf5 ./Core/Src/main.o
 .debug_macro   0x000000000000ed48       0x8e ./Core/Src/main.o
 .debug_macro   0x000000000000edd6       0x52 ./Core/Src/main.o
 .debug_macro   0x000000000000ee28       0x18 ./Core/Src/main.o
 .debug_macro   0x000000000000ee40       0x3c ./Core/Src/main.o
 .debug_macro   0x000000000000ee7c       0x34 ./Core/Src/main.o
 .debug_macro   0x000000000000eeb0       0x16 ./Core/Src/main.o
 .debug_macro   0x000000000000eec6       0x43 ./Core/Src/main.o
 .debug_macro   0x000000000000ef09       0x34 ./Core/Src/main.o
 .debug_macro   0x000000000000ef3d       0x10 ./Core/Src/main.o
 .debug_macro   0x000000000000ef4d       0x58 ./Core/Src/main.o
 .debug_macro   0x000000000000efa5       0x71 ./Core/Src/main.o
 .debug_macro   0x000000000000f016       0x1c ./Core/Src/main.o
 .debug_macro   0x000000000000f032      0x12a ./Core/Src/main.o
 .debug_macro   0x000000000000f15c      0x341 ./Core/Src/main.o
 .debug_macro   0x000000000000f49d       0x10 ./Core/Src/main.o
 .debug_macro   0x000000000000f4ad       0x35 ./Core/Src/main.o
 .debug_macro   0x000000000000f4e2       0x20 ./Core/Src/main.o
 .debug_macro   0x000000000000f502      0x1d2 ./Core/Src/stm32f0xx_hal_msp.o
 .debug_macro   0x000000000000f6d4      0x1dc ./Core/Src/stm32f0xx_it.o
 .debug_macro   0x000000000000f8b0      0x1c3 ./Core/Src/system_stm32f0xx.o
 .debug_macro   0x000000000000fa73      0x1e7 ./Drivers/STM32F0xx_HAL_Driver/Src/stm32f0xx_hal.o
 .debug_macro   0x000000000000fc5a      0x1c3 ./Drivers/STM32F0xx_HAL_Driver/Src/stm32f0xx_hal_cortex.o
 .debug_macro   0x000000000000fe1d      0x1ca ./Drivers/STM32F0xx_HAL_Driver/Src/stm32f0xx_hal_gpio.o
 .debug_macro   0x000000000000ffe7      0x1d5 ./Drivers/STM32F0xx_HAL_Driver/Src/stm32f0xx_hal_rcc.o
 .debug_macro   0x00000000000101bc      0x1cb ./Drivers/STM32F0xx_HAL_Driver/Src/stm32f0xx_hal_spi.o
 .debug_macro   0x0000000000010387      0x1e0 ./Drivers/STM32F0xx_HAL_Driver/Src/stm32f0xx_hal_uart.o
 .debug_macro   0x0000000000010567      0x225 ./FATFS/App/fatfs.o
 .debug_macro   0x000000000001078c       0xd8 ./FATFS/App/fatfs.o
 .debug_macro   0x0000000000010864      0x2da ./FATFS/Target/user_diskio.o
 .debug_macro   0x0000000000010b3e       0x4f ./FATFS/Target/user_diskio.o
 .debug_macro   0x0000000000010b8d      0x212 ./Middlewares/Third_Party/FatFs/src/diskio.o
 .debug_macro   0x0000000000010d9f      0x459 ./Middlewares/Third_Party/FatFs/src/ff.o
 .debug_macro   0x00000000000111f8       0x58 ./Middlewares/Third_Party/FatFs/src/ff.o
 .debug_macro   0x0000000000011250      0x212 ./Middlewares/Third_Party/FatFs/src/ff_gen_drv.o
 .debug_macro   0x0000000000011462      0x200 ./Middlewares/Third_Party/FatFs/src/option/ccsbcs.o

.debug_line     0x0000000000000000    0x104a3
 .debug_line    0x0000000000000000      0xde7 ./Core/Src/fatfs_sd.o
 .debug_line    0x0000000000000de7      0xaf4 ./Core/Src/main.o
 .debug_line    0x00000000000018db      0x77f ./Core/Src/stm32f0xx_hal_msp.o
 .debug_line    0x000000000000205a      0x76d ./Core/Src/stm32f0xx_it.o
 .debug_line    0x00000000000027c7      0x748 ./Core/Src/system_stm32f0xx.o
 .debug_line    0x0000000000002f0f       0x89 ./Core/Startup/startup_stm32f070rbtx.o
 .debug_line    0x0000000000002f98      0x94e ./Drivers/STM32F0xx_HAL_Driver/Src/stm32f0xx_hal.o
 .debug_line    0x00000000000038e6      0x9fa ./Drivers/STM32F0xx_HAL_Driver/Src/stm32f0xx_hal_cortex.o
 .debug_line    0x00000000000042e0      0xacb ./Drivers/STM32F0xx_HAL_Driver/Src/stm32f0xx_hal_gpio.o
 .debug_line    0x0000000000004dab      0xd3f ./Drivers/STM32F0xx_HAL_Driver/Src/stm32f0xx_hal_rcc.o
 .debug_line    0x0000000000005aea     0x1e63 ./Drivers/STM32F0xx_HAL_Driver/Src/stm32f0xx_hal_spi.o
 .debug_line    0x000000000000794d     0x2bcb ./Drivers/STM32F0xx_HAL_Driver/Src/stm32f0xx_hal_uart.o
 .debug_line    0x000000000000a518      0x76f ./FATFS/App/fatfs.o
 .debug_line    0x000000000000ac87      0x8ef ./FATFS/Target/user_diskio.o
 .debug_line    0x000000000000b576      0x7df ./Middlewares/Third_Party/FatFs/src/diskio.o
 .debug_line    0x000000000000bd55     0x3771 ./Middlewares/Third_Party/FatFs/src/ff.o
 .debug_line    0x000000000000f4c6      0x7fc ./Middlewares/Third_Party/FatFs/src/ff_gen_drv.o
 .debug_line    0x000000000000fcc2      0x7e1 ./Middlewares/Third_Party/FatFs/src/option/ccsbcs.o

.debug_str      0x0000000000000000    0x635d8
 .debug_str     0x0000000000000000    0x5d12b ./Core/Src/fatfs_sd.o
                                      0x5d433 (size before relaxing)
 .debug_str     0x000000000005d12b     0x3cf7 ./Core/Src/main.o
                                      0x60f61 (size before relaxing)
 .debug_str     0x0000000000060e22       0x8d ./Core/Src/stm32f0xx_hal_msp.o
                                      0x5d3bd (size before relaxing)
 .debug_str     0x0000000000060eaf       0x9b ./Core/Src/stm32f0xx_it.o
                                      0x5cd76 (size before relaxing)
 .debug_str     0x0000000000060f4a       0x8b ./Core/Src/system_stm32f0xx.o
                                      0x5cb95 (size before relaxing)
 .debug_str     0x0000000000060fd5       0x36 ./Core/Startup/startup_stm32f070rbtx.o
                                         0x7e (size before relaxing)
 .debug_str     0x000000000006100b      0x4c9 ./Drivers/STM32F0xx_HAL_Driver/Src/stm32f0xx_hal.o
                                      0x5d147 (size before relaxing)
 .debug_str     0x00000000000614d4      0x1be ./Drivers/STM32F0xx_HAL_Driver/Src/stm32f0xx_hal_cortex.o
                                      0x5cf38 (size before relaxing)
 .debug_str     0x0000000000061692      0x113 ./Drivers/STM32F0xx_HAL_Driver/Src/stm32f0xx_hal_gpio.o
                                      0x5cd36 (size before relaxing)
 .debug_str     0x00000000000617a5      0x21a ./Drivers/STM32F0xx_HAL_Driver/Src/stm32f0xx_hal_rcc.o
                                      0x5cfd1 (size before relaxing)
 .debug_str     0x00000000000619bf      0x57b ./Drivers/STM32F0xx_HAL_Driver/Src/stm32f0xx_hal_spi.o
                                      0x5d4ff (size before relaxing)
 .debug_str     0x0000000000061f3a      0x81e ./Drivers/STM32F0xx_HAL_Driver/Src/stm32f0xx_hal_uart.o
                                      0x5d886 (size before relaxing)
 .debug_str     0x0000000000062758       0x74 ./FATFS/App/fatfs.o
                                      0x5d619 (size before relaxing)
 .debug_str     0x00000000000627cc       0x5a ./FATFS/Target/user_diskio.o
                                      0x60399 (size before relaxing)
 .debug_str     0x0000000000062826       0x52 ./Middlewares/Third_Party/FatFs/src/diskio.o
                                      0x5d53f (size before relaxing)
 .debug_str     0x0000000000062878      0xc7c ./Middlewares/Third_Party/FatFs/src/ff.o
                                      0x5e3fd (size before relaxing)
 .debug_str     0x00000000000634f4       0x91 ./Middlewares/Third_Party/FatFs/src/ff_gen_drv.o
                                      0x5d590 (size before relaxing)
 .debug_str     0x0000000000063585       0x53 ./Middlewares/Third_Party/FatFs/src/option/ccsbcs.o
                                      0x5d31e (size before relaxing)

.comment        0x0000000000000000       0x50
 .comment       0x0000000000000000       0x50 ./Core/Src/fatfs_sd.o
                                         0x51 (size before relaxing)
 .comment       0x0000000000000050       0x51 ./Core/Src/main.o
 .comment       0x0000000000000050       0x51 ./Core/Src/stm32f0xx_hal_msp.o
 .comment       0x0000000000000050       0x51 ./Core/Src/stm32f0xx_it.o
 .comment       0x0000000000000050       0x51 ./Core/Src/system_stm32f0xx.o
 .comment       0x0000000000000050       0x51 ./Drivers/STM32F0xx_HAL_Driver/Src/stm32f0xx_hal.o
 .comment       0x0000000000000050       0x51 ./Drivers/STM32F0xx_HAL_Driver/Src/stm32f0xx_hal_cortex.o
 .comment       0x0000000000000050       0x51 ./Drivers/STM32F0xx_HAL_Driver/Src/stm32f0xx_hal_gpio.o
 .comment       0x0000000000000050       0x51 ./Drivers/STM32F0xx_HAL_Driver/Src/stm32f0xx_hal_rcc.o
 .comment       0x0000000000000050       0x51 ./Drivers/STM32F0xx_HAL_Driver/Src/stm32f0xx_hal_spi.o
 .comment       0x0000000000000050       0x51 ./Drivers/STM32F0xx_HAL_Driver/Src/stm32f0xx_hal_uart.o
 .comment       0x0000000000000050       0x51 ./FATFS/App/fatfs.o
 .comment       0x0000000000000050       0x51 ./FATFS/Target/user_diskio.o
 .comment       0x0000000000000050       0x51 ./Middlewares/Third_Party/FatFs/src/diskio.o
 .comment       0x0000000000000050       0x51 ./Middlewares/Third_Party/FatFs/src/ff.o
 .comment       0x0000000000000050       0x51 ./Middlewares/Third_Party/FatFs/src/ff_gen_drv.o
 .comment       0x0000000000000050       0x51 ./Middlewares/Third_Party/FatFs/src/option/ccsbcs.o

.debug_frame    0x0000000000000000     0x27f4
 .debug_frame   0x0000000000000000      0x250 ./Core/Src/fatfs_sd.o
 .debug_frame   0x0000000000000250      0x120 ./Core/Src/main.o
 .debug_frame   0x0000000000000370       0xb0 ./Core/Src/stm32f0xx_hal_msp.o
 .debug_frame   0x0000000000000420       0xb8 ./Core/Src/stm32f0xx_it.o
 .debug_frame   0x00000000000004d8       0x4c ./Core/Src/system_stm32f0xx.o
 .debug_frame   0x0000000000000524      0x2a4 ./Drivers/STM32F0xx_HAL_Driver/Src/stm32f0xx_hal.o
 .debug_frame   0x00000000000007c8      0x2a0 ./Drivers/STM32F0xx_HAL_Driver/Src/stm32f0xx_hal_cortex.o
 .debug_frame   0x0000000000000a68      0x110 ./Drivers/STM32F0xx_HAL_Driver/Src/stm32f0xx_hal_gpio.o
 .debug_frame   0x0000000000000b78      0x198 ./Drivers/STM32F0xx_HAL_Driver/Src/stm32f0xx_hal_rcc.o
 .debug_frame   0x0000000000000d10      0x710 ./Drivers/STM32F0xx_HAL_Driver/Src/stm32f0xx_hal_spi.o
 .debug_frame   0x0000000000001420      0x810 ./Drivers/STM32F0xx_HAL_Driver/Src/stm32f0xx_hal_uart.o
 .debug_frame   0x0000000000001c30       0x48 ./FATFS/App/fatfs.o
 .debug_frame   0x0000000000001c78       0xb0 ./FATFS/Target/user_diskio.o
 .debug_frame   0x0000000000001d28       0xdc ./Middlewares/Third_Party/FatFs/src/diskio.o
 .debug_frame   0x0000000000001e04      0x888 ./Middlewares/Third_Party/FatFs/src/ff.o
 .debug_frame   0x000000000000268c       0xac ./Middlewares/Third_Party/FatFs/src/ff_gen_drv.o
 .debug_frame   0x0000000000002738       0x50 ./Middlewares/Third_Party/FatFs/src/option/ccsbcs.o
 .debug_frame   0x0000000000002788       0x2c c:/st/stm32cubeide_1.9.0/stm32cubeide/plugins/com.st.stm32cube.ide.mcu.externaltools.gnu-tools-for-stm32.10.3-2021.10.win32_1.0.0.202111181127/tools/bin/../lib/gcc/arm-none-eabi/10.3.1/../../../../arm-none-eabi/lib/thumb/v6-m/nofp\libc_nano.a(lib_a-init.o)
 .debug_frame   0x00000000000027b4       0x20 c:/st/stm32cubeide_1.9.0/stm32cubeide/plugins/com.st.stm32cube.ide.mcu.externaltools.gnu-tools-for-stm32.10.3-2021.10.win32_1.0.0.202111181127/tools/bin/../lib/gcc/arm-none-eabi/10.3.1/../../../../arm-none-eabi/lib/thumb/v6-m/nofp\libc_nano.a(lib_a-memset.o)
 .debug_frame   0x00000000000027d4       0x20 c:/st/stm32cubeide_1.9.0/stm32cubeide/plugins/com.st.stm32cube.ide.mcu.externaltools.gnu-tools-for-stm32.10.3-2021.10.win32_1.0.0.202111181127/tools/bin/../lib/gcc/arm-none-eabi/10.3.1/thumb/v6-m/nofp\libgcc.a(_udivsi3.o)
